0 verbose cli C:\Program Files\nodejs\node.exe C:\Program Files\nodejs\node_modules\npm\bin\npm-cli.js
1 info using npm@11.8.0
2 info using node@v24.13.1
3 silly config load:file:C:\Program Files\nodejs\node_modules\npm\npmrc
4 silly config load:file:C:\Users\helge\source\chatter\.npmrc
5 silly config load:file:C:\Users\helge\.npmrc
6 silly config load:file:C:\Users\helge\AppData\Roaming\npm\etc\npmrc
7 verbose title npm create vite@latest app --template react-ts
8 verbose argv "create" "vite@latest" "app" "--" "--template" "react-ts"
9 verbose logfile logs-max:10 dir:C:\Users\helge\source\chatter\.npm-cache\_logs\2026-02-18T21_21_01_904Z-
10 verbose logfile C:\Users\helge\source\chatter\.npm-cache\_logs\2026-02-18T21_21_01_904Z-debug-0.log
11 silly logfile done cleaning log files
12 silly packumentCache heap:4496293888 maxSize:1124073472 maxEntrySize:562036736
13 http fetch GET 200 https://registry.npmjs.org/npm 195ms
14 http fetch GET 200 https://registry.npmjs.org/create-vite 270ms (cache miss)
15 silly packumentCache heap:4496293888 maxSize:1124073472 maxEntrySize:562036736
16 warn exec The following package was not found and will be installed: create-vite@8.3.0
17 silly idealTree buildDeps
18 silly fetch manifest create-vite@8.3.0
19 silly packumentCache full:https://registry.npmjs.org/create-vite cache-miss
20 http fetch GET 200 https://registry.npmjs.org/create-vite 287ms (cache miss)
21 silly packumentCache full:https://registry.npmjs.org/create-vite set size:undefined disposed:false
22 silly placeDep ROOT create-vite@8.3.0 OK for:  want: 8.3.0
23 silly reify moves {}
24 silly audit bulk request { 'create-vite': [ '8.3.0' ] }
25 http cache create-vite@https://registry.npmjs.org/create-vite/-/create-vite-8.3.0.tgz 0ms (cache hit)
26 silly tarball no local data for create-vite@https://registry.npmjs.org/create-vite/-/create-vite-8.3.0.tgz. Extracting by manifest.
27 http fetch GET 200 https://registry.npmjs.org/create-vite/-/create-vite-8.3.0.tgz 337ms (cache miss)
28 http fetch POST 200 https://registry.npmjs.org/-/npm/v1/security/advisories/bulk 372ms
29 silly audit report {}
30 verbose cwd C:\Users\helge\source\chatter
31 verbose os Windows_NT 10.0.26200
32 verbose node v24.13.1
33 verbose npm  v11.8.0
34 notice
34 notice New minor version of npm available! 11.8.0 -> 11.10.0
34 notice Changelog: https://github.com/npm/cli/releases/tag/v11.10.0
34 notice To update run: npm install -g npm@11.10.0
34 notice  { force: true, Symbol(proc-log.meta): true }
35 verbose exit 0
36 info ok
